// Jest Snapshot v1, https://goo.gl/fbAQLP

exports[`RegistrationRoute component renders a .RegistrationRoute by default 1`] = `
<section>
  <h2>
    Sign up
  </h2>
  <RegistrationForm
    onRegistrationSuccess={[Function]}
  />
</section>
`;
